main.c:264:6:BEEP_Fliker_ms	16	static
main.c:273:6:MAXON_Init	8	static
main.c:360:6:CAN_GetRxMessage	8	static
main.c:548:6:HAL_UART_RxCpltCallback	64	static
main.c:667:6:HAL_TIM_PeriodElapsedCallback	16	static
main.c:707:5:main	176	static
main.c:1602:6:SystemClock_Config	88	static
main.c:1644:13:MX_NVIC_Init	8	static
main.c:1658:13:MX_ADC1_Init	24	static
main.c:1717:13:MX_CAN1_Init	8	static
main.c:1752:13:MX_CAN2_Init	8	static
main.c:1787:13:MX_RNG_Init	8	static
main.c:1811:13:MX_TIM2_Init	32	static
main.c:1853:13:MX_UART4_Init	80	static
main.c:1932:13:MX_USART1_UART_Init	8	static
main.c:1963:13:MX_USART2_UART_Init	8	static
main.c:1994:13:MX_USART3_UART_Init	8	static
main.c:2025:13:MX_USART6_Init	8	static
main.c:2057:13:MX_GPIO_Init	48	static
main.c:2094:6:Error_Handler	4	static,ignoring_inline_asm
